{
  "type": "node",
  "bundle": "islandora_object",
  "title": "Sample Repository Item",
  "abstract": [
    {
      "value": "Sample Repository Item Abstract in English",
      "language": "eng"
    },
    {
      "value": "日本語のサンプルリポジトリアイテムの要約",
      "language": "jpn"
    }
  ],
  "access_rights": [
    "Public digital access",
    "Public Domain"
  ],
  "access_terms": [

  ],
  "alt_title": [
    {
      "value": "Sample Repository Item Alternate Title",
      "language": "eng"
    },
    {
      "value": "Пример альтернативного названия элемента репозитория на русском языке",
      "language": "rus"
    }
  ],
  "collection_number": [
    "1",
    "2"
  ],
  "contributor": [
    {
      "rel_type": "relators:art",
      "name": "Ansel Islandora Object Adams"
    },
    {
      "rel_type": "relators:pht",
      "name": "Ansel Islandora Object Adams"
    }
  ],
  "copyright": "Copyright Undetermined",
  "copyright_holder": [
    "Ansel Adams Publishing Rights Trust",
    "Ansel Islandora Object Adams"
  ],
  "creator": [
    {
      "rel_type": "relators:art",
      "name": "Edward Islandora Object Weston"
    },
    {
      "rel_type": "relators:pht",
      "name": "Galen Islandora Object Rowell"
    }
  ],
  "date_available": "2020-01-01",
  "date_copyrighted": [
    "2010-01-01",
    "1941-11"
  ],
  "date_created": [
    "1941-11-01",
    "1941-11"
  ],
  "date_published": [
    "1943",
    "1944"
  ],
  "description": [
    {
      "value": "Sample Repository Item Description in English",
      "language": "eng"
    },
    {
      "value": "सैंपल रिपोजिटरी आइटम का विवरण हिंदी मे",
      "language": "hin"
    }
  ],
  "digital_identifier": [
    "a digital identifier one",
    "a digital identifier two"
  ],
  "digital_publisher": [
    "Ansel Adams Publishing Rights Trust",
    "Johns Hopkins Sheridan Libraries"
  ],
  "display_hints": "Open Seadragon",
  "dspace_identifier": "http://jscholarship.library.jhu.edu",
  "dspace_itemid": "DSpace Item ID",
  "extent": [
    "1 item",
    "one image file"
  ],
  "finding_aid": [
    {
      "uri": "http://www.google.com",
      "title": "Google Finding Aid"
    },
    {
      "uri": "http://wikipedia.org",
      "title": "Wikipedia Finding Aid"
    }
  ],
  "genre": [
    "Analog",
    "Nature"
  ],
  "geoportal_link": {
    "uri": "http://catalyst.library.jhu.edu",
    "title": "geoblacklight link"
  },
  "issn": "12345678",
  "is_part_of": "",
  "item_barcode": "123456",
  "jhir": "http://jhir.jhu.edu",
  "language": [
    "English",
    "German"
  ],
  "catalog_link": {
    "uri": "http://catalog.library.jhu.edu",
    "title": "Library Catalog Link"
  },
  "member_of": [
    "Original File",
    "Intermediate File"
  ],
  "model": "Image",
  "oclc_number": [
    "oclc one",
    "oclc two"
  ],
  "publisher": [
    "Ansel Adams Publishing Rights Trust",
    "Johns Hopkins Sheridan Libraries"
  ],
  "publisher_country": [
    "Mountain Light Gallery",
    "Nevada"
  ],
  "resource_type": [
    "Dataset",
    "Image"
  ],
  "spatial_coverage": "Hernandez, NM",
  "subject": [
    "Analog Islandora Object Photography",
    "General Islandora Object Photography"
  ],
  "toc": [
    {
      "value": "Table of Contents in English",
      "language": "eng"
    },
    {
      "value": "Inhaltsverzeichnis in deutscher Sprache",
      "language": "ger"
    }
  ],
  "title_language": "English"
}
